// Jest Snapshot v1, https://goo.gl/fbAQLP

exports[`should render Top page 1`] = `
<DocumentFragment>
  <p>
    top
  </p>
</DocumentFragment>
`;
