// Jest Snapshot v1, https://goo.gl/fbAQLP

exports[`should return base-url 1`] = `""`;
